blob_tests.adb:330:42: warning: redundant conversion, "I" is of type "Natural" [-gnatwr]
