statement_tests.adb:310:07: warning: variable "Stmt1" is not referenced [-gnatwu]
